// Jest Snapshot v1, https://goo.gl/fbAQLP

exports[`Header matches snapshot 1`] = `
<div>
  <header
    class="header"
  >
    <div
      class="logo"
    >
      <h1>
        Sticky Notes
      </h1>
    </div>
    <nav
      class="nav"
    >
      <a
        href="/"
      >
        Home
      </a>
      <a
        href="/contact"
      >
        Contact
      </a>
    </nav>
  </header>
</div>
`;
